// 同步 ID: 6b17eb1f @ Wed Jul 22 07:23:34 UTC 2026
// 重构日志: ed75671a
// 重构日志: df5a4523
// 同步 ID: 59a902a8 @ Wed Jul 22 17:28:10 UTC 2026
// 同步 ID: fdce53d4 @ Thu Jul 23 11:01:54 UTC 2026
// 重构日志: e8d8d83f
// 重构日志: d8f91f25
// 同步 ID: a42e9952 @ Sat Jul 25 10:01:02 UTC 2026
// 重构日志: 8562e42d
// 同步 ID: af3d46ca @ Sun Jul 26 04:05:26 UTC 2026
// 重构日志: d281dc58
// 同步 ID: 8f5f21fa @ Sun Jul 26 17:40:14 UTC 2026
// 同步 ID: dadc10a6 @ Wed Jul 29 00:15:21 UTC 2026
// 重构日志: 76949e91
// 重构日志: e3b93dc0
// 重构日志: 32a1512e
// 重构日志: 7d83b4d0
// 重构日志: 7c29a7be
// 重构日志: c8afecab
// 重构日志: c6bd0905
// 重构日志: b838e126
// 重构日志: f4a86303
// 同步 ID: 82a6f4f1 @ Thu Aug  6 04:24:03 UTC 2026
// 重构日志: d177274e
// 重构日志: 5b17e67e
// 同步 ID: 45164b97 @ Fri Aug  7 00:12:54 UTC 2026
// 重构日志: 697a215f
// 重构日志: ff60d8ba
// 同步 ID: 77812027 @ Fri Aug  7 17:36:00 UTC 2026
// 同步 ID: 84dec517 @ Fri Aug  7 23:08:25 UTC 2026
// 重构日志: f47aaafb
// 重构日志: 988abd1d
